[25Sep2025 00:00:09.869] [Server thread/INFO] [net.minecraft.server.MinecraftServer/]: [Not Secure] <Eduardo171> No pues
[25Sep2025 00:01:25.609] [Server thread/WARN] [net.minecraft.server.network.ServerGamePacketListenerImpl/]: Eduardo171 moved too quickly! 7.400479201809503,-0.31844160194167515,-6.987369506416144
[25Sep2025 00:01:34.014] [Server thread/INFO] [net.minecraft.server.MinecraftServer/]: elikernomamahuev has made the advancement [The Cutest Predator]
[25Sep2025 00:02:06.858] [Server thread/INFO] [net.minecraft.server.MinecraftServer/]: [Not Secure] <Eduardo171> Ponte a minear minerales para reparar tu pico
[25Sep2025 00:05:23.253] [Server thread/INFO] [net.minecraft.server.MinecraftServer/]: [Not Secure] <abi3mael> ni un puto dragon cabron
[25Sep2025 00:05:34.352] [Server thread/INFO] [net.minecraft.server.MinecraftServer/]: [Not Secure] <Eduardo171> Ya me di cuenta
[25Sep2025 00:06:13.796] [Server thread/INFO] [net.minecraft.server.MinecraftServer/]: [Eduardo171: Set own game mode to Spectator Mode]
[25Sep2025 00:06:59.357] [Server thread/WARN] [net.minecraft.server.network.ServerGamePacketListenerImpl/]: Eduardo171 moved too quickly! 4.262200610275613,0.0,9.21789140830515
[25Sep2025 00:07:13.349] [Server thread/INFO] [net.minecraft.server.MinecraftServer/]: [Eduardo171: Set own game mode to Survival Mode]
[25Sep2025 00:09:22.506] [Server thread/INFO] [net.minecraft.server.MinecraftServer/]: [Not Secure] <elikernomamahuev> yo me voy metiendo al vc
[25Sep2025 00:10:31.504] [Server thread/INFO] [net.minecraft.server.MinecraftServer/]: [Not Secure] <elikernomamahuev> edu, que pides por 5 libros de reparacion?
[25Sep2025 00:10:51.565] [Server thread/INFO] [net.minecraft.server.MinecraftServer/]: [Not Secure] <Eduardo171> Algo equivalente
[25Sep2025 00:11:05.349] [Server thread/INFO] [net.minecraft.server.MinecraftServer/]: [Not Secure] <elikernomamahuev> y que crees que pueda equivaler
[25Sep2025 00:11:06.377] [Server thread/INFO] [net.minecraft.server.MinecraftServer/]: [Not Secure] <elikernomamahuev> ?
[25Sep2025 00:12:15.853] [Server thread/INFO] [net.minecraft.server.MinecraftServer/]: [Not Secure] <elikernomamahuev> te doy la 2 botellas de sangre de dragon
[25Sep2025 00:12:17.451] [Server thread/INFO] [net.minecraft.server.MinecraftServer/]: [Not Secure] <elikernomamahuev> de hielo
[25Sep2025 00:12:22.251] [Server thread/INFO] [net.minecraft.server.MinecraftServer/]: [Not Secure] <abi3mael> DRAGON
[25Sep2025 00:12:24.207] [Server thread/INFO] [net.minecraft.server.MinecraftServer/]: [Not Secure] <abi3mael> ahno
[25Sep2025 00:12:29.154] [Server thread/INFO] [net.minecraft.server.MinecraftServer/]: [Not Secure] <abi3mael> era amatista
[25Sep2025 00:12:37.853] [Server thread/INFO] [net.minecraft.server.MinecraftServer/]: [Not Secure] <abi3mael> pipipi
[25Sep2025 00:12:45.602] [Server thread/INFO] [net.minecraft.server.network.ServerGamePacketListenerImpl/]: Eduardo171 lost connection: Timed out
[25Sep2025 00:12:45.603] [Server thread/INFO] [net.minecraft.server.MinecraftServer/]: Eduardo171 left the game
[25Sep2025 00:12:48.196] [Server thread/INFO] [net.minecraft.server.MinecraftServer/]: [Not Secure] <elikernomamahuev> a
[25Sep2025 00:14:57.446] [Server thread/INFO] [net.minecraft.server.network.ServerGamePacketListenerImpl/]: abi3mael lost connection: Timed out
[25Sep2025 00:14:57.446] [Server thread/INFO] [net.minecraft.server.MinecraftServer/]: abi3mael left the game
[25Sep2025 00:15:00.938] [Server thread/INFO] [net.minecraft.server.network.ServerGamePacketListenerImpl/]: elikernomamahuev lost connection: Timed out
[25Sep2025 00:15:00.938] [Server thread/INFO] [net.minecraft.server.MinecraftServer/]: elikernomamahuev left the game
[25Sep2025 00:15:35.654] [Server thread/INFO] [net.minecraft.server.players.PlayerList/]: elikernomamahuev[/127.67.145.104:38387] logged in with entity id 49048 at (-4508.699999988079, 0.0, 719.6999999880791)
[25Sep2025 00:15:35.667] [Server thread/INFO] [net.minecraft.server.MinecraftServer/]: elikernomamahuev joined the game
[25Sep2025 00:15:35.673] [Server thread/INFO] [Jade/]: Syncing config to elikernomamahuev (7e25e690-4f60-3c78-b7bc-fb82071b91d5)
